Microchip MPLAB XC8 Compiler V2.50

Linker command line:

-W-3 \
  --edf=C:\Program Files\Microchip\xc8\v2.50\pic\dat\20240725155939_en.msgs \
  -cn -h+dist/default/production\seguridad_pp.X.production.sym \
  --cmf=dist/default/production\seguridad_pp.X.production.cmf -z -Q16F887 \
  -oC:\Users\User\AppData\Local\Temp\xcAs650.\driver_tmp_3.o \
  --defsym=__MPLAB_BUILD=1 --fixupoverflow=error \
  -Mdist/default/production/seguridad_pp.X.production.map \
  --md=C:\Users\User\AppData\Local\Temp\xcAs650.\driver_tmp_0.dat -E1 \
  -ver=XC8 Compiler --acfsm=1493 -ACODE=00h-07FFhx4 -ASTRCODE=00h-01FFFh \
  -ASTRING=00h-0FFhx32 -ACONST=00h-0FFhx32 -AENTRY=00h-0FFhx32 \
  -ACOMMON=070h-07Fh -ABANK0=020h-06Fh -ABANK1=0A0h-0EFh \
  -ABANK2=0110h-016Fh -ABANK3=0190h-01EFh \
  -ARAM=020h-06Fh,0A0h-0EFh,0110h-016Fh,0190h-01EFh \
  -AABS1=020h-07Fh,0A0h-0EFh,0110h-016Fh,0190h-01EFh -ASFR0=00h-01Fh \
  -ASFR1=080h-09Fh -ASFR2=0100h-010Fh -ASFR3=0180h-018Fh \
  -ACONFIG=02007h-02008h -DCONFIG=2 -AIDLOC=02000h-02003h -DIDLOC=2 \
  -AEEDATA=00h-0FFh/02100h -peeprom_data=EEDATA -DEEDATA=2 -DCODE=2 \
  -DSTRCODE=2 -DSTRING=2 -DCONST=2 -DENTRY=2 \
  -preset_vec=00h,intentry,sivt,init,end_init -ppowerup=CODE -pcinit=CODE \
  -pfunctab=ENTRY -k \
  C:\Users\User\AppData\Local\Temp\xcAs650.\driver_tmp_12.o \
  dist/default/production\seguridad_pp.X.production.o 

Object code version is 3.11

Machine type is 16F887



                Name                               Link     Load   Length Selector   Space Scale
C:\Users\User\AppData\Local\Temp\xcAs650.\driver_tmp_12.o
                end_init                              0        0        3        0       0
                config                             2007     2007        2        0       4
dist/default/production\seguridad_pp.X.production.o
                cinit                               7E5      7E5       1B      FCA       0
                config                             2007     2007        2        0       4
                text9                               4BD      4BD       36      97A       0
                text8                               420      420       10      840       0
                text7                               493      493       2A      926       0
                text6                               4F3      4F3       36      9E6       0
                text5                               453      453       1C      8A6       0
                text4                               46F      46F       24      8DE       0
                text3                               418      418        8      830       0
                text2                               581      581       E1      B02       0
                text1                               529      529       58      A52       0
                maintext                            662      662      183      CC4       0
                cstackBANK0                          20       20       1C       20       1
                cstackCOMMON                         70       70        B       70       1
                inittext                            440      440       13      880       0
                dataBANK0                            3C       3C       10       20       1
                bssBANK0                             4C       4C        9       20       1
                strings                               3        3       4E        6       0
                idataBANK0                          430      430       10      860       0

TOTAL           Name                               Link     Load   Length     Space
        CLASS   CODE           
                end_init                              0        0        3         0
                cinit                               7E5      7E5       1B         0
                text9                               4BD      4BD       36         0
                text8                               420      420       10         0
                text7                               493      493       2A         0
                text6                               4F3      4F3       36         0
                text5                               453      453       1C         0
                text4                               46F      46F       24         0
                text3                               418      418        8         0
                text2                               581      581       E1         0
                text1                               529      529       58         0
                maintext                            662      662      183         0
                inittext                            440      440       13         0
                idataBANK0                          430      430       10         0

        CLASS   STRCODE        

        CLASS   STRING         
                strings                               3        3       4E         0

        CLASS   CONST          

        CLASS   ENTRY          

        CLASS   COMMON         
                cstackCOMMON                         70       70        B         1

        CLASS   BANK0          
                cstackBANK0                          20       20       1C         1
                dataBANK0                            3C       3C       10         1
                bssBANK0                             4C       4C        9         1

        CLASS   BANK1          

        CLASS   BANK2          

        CLASS   BANK3          

        CLASS   RAM            

        CLASS   ABS1           
                abs_s1                               7E       7E        2         1

        CLASS   SFR0           

        CLASS   SFR1           

        CLASS   SFR2           

        CLASS   SFR3           

        CLASS   CONFIG         
                config                             2007     2007        2         4

        CLASS   IDLOC          

        CLASS   EEDATA         

        CLASS   HEAP           

        CLASS   STACK          



SEGMENTS        Name                           Load    Length   Top    Selector   Space  Class     Delta

                reset_vec                      000000  000003  000003         0       0  CODE        2
                strings                        000003  00004E  000051         6       0  STRING      2
                cstackBANK0                    000020  000035  000055        20       1  BANK0       1
                cstackCOMMON                   000070  00000B  00007B        70       1  COMMON      1
                text3                          000418  000008  000420       830       0  CODE        2
                text8                          000420  000010  000430       840       0  CODE        2
                idataBANK0                     000430  000010  000440       860       0  CODE        2
                inittext                       000440  000013  000453       880       0  CODE        2
                text5                          000453  00001C  00046F       8A6       0  CODE        2
                text4                          00046F  000024  000493       8DE       0  CODE        2
                text7                          000493  00002A  0004BD       926       0  CODE        2
                text9                          0004BD  000036  0004F3       97A       0  CODE        2
                text6                          0004F3  000036  000529       9E6       0  CODE        2
                text1                          000529  000058  000581       A52       0  CODE        2
                text2                          000581  0000E1  000662       B02       0  CODE        2
                maintext                       000662  000183  0007E5       CC4       0  CODE        2
                cinit                          0007E5  00001B  000800       FCA       0  CODE        2


UNUSED ADDRESS RANGES

        Name                Unused          Largest block    Delta
        BANK0            0055-006F             1B           1
        BANK1            00A0-00EF             50           1
        BANK2            0110-016F             60           1
        BANK3            0190-01EF             60           1
        CODE             0051-0417            3C7           2
                         0800-1FFF            800
        COMMON           007B-007D              3           1
        CONST            0051-0417            100           2
                         0800-1FFF            100
        EEDATA           2100-21FF            100           2
        ENTRY            0051-0417            100           2
                         0800-1FFF            100
        IDLOC            2000-2003              4           2
        RAM              0055-006F             1B           1
                         00A0-00EF             50
                         0110-016F             60
                         0190-01EF             60
        SFR0             0000-001F             20           1
        SFR1             0080-009F             20           1
        SFR2             0100-010F             10           1
        SFR3             0180-018F             10           1
        STRCODE          0051-0417            3C7           2
                         0800-1FFF           1800
        STRING           0051-0417            100           2
                         0800-1FFF            100

                                  Symbol Table

?_strncmp                cstackCOMMON 0070
LCD_Char@dat             cstackCOMMON 0072
LCD_Command@cmd          cstackCOMMON 0072
LCD_String@msg           cstackCOMMON 0073
LCD_String_xy@location   cstackCOMMON 0077
LCD_String_xy@msg        cstackCOMMON 0075
LCD_String_xy@pos        cstackCOMMON 0074
LCD_String_xy@row        cstackCOMMON 0076
_ANSELH                  (abs)        0189
_LCD_Char                text6        04F3
_LCD_Clear               text8        0420
_LCD_Command             text9        04BD
_LCD_Init                text7        0493
_LCD_String              text5        0453
_LCD_String_xy           text4        046F
_OPTION_REGbits          (abs)        0081
_OSCCON                  (abs)        008F
_PORTB                   (abs)        0006
_PORTC                   (abs)        0007
_PORTCbits               (abs)        0007
_PORTDbits               (abs)        0008
_TRISB                   (abs)        0086
_TRISC                   (abs)        0087
_TRISDbits               (abs)        0088
__H__absolute__          __absolute__ 0000
__Habs1                  abs1         0000
__Hbank0                 bank0        0000
__Hbank1                 bank1        0000
__Hbank2                 bank2        0000
__Hbank3                 bank3        0000
__HbssBANK0              bssBANK0     0000
__Hcinit                 cinit        0800
__Hclrtext               clrtext      0000
__Hcode                  code         0000
__Hcommon                common       0000
__Hconfig                config       2009
__HcstackBANK0           cstackBANK0  0000
__HcstackCOMMON          cstackCOMMON 0000
__HdataBANK0             dataBANK0    0000
__Heeprom_data           eeprom_data  0000
__Hend_init              end_init     0003
__Hfunctab               functab      0000
__Hheap                  heap         0000
__HidataBANK0            idataBANK0   0000
__Hinit                  init         0000
__Hinittext              inittext     0000
__Hintentry              intentry     0000
__Hmaintext              maintext     0000
__Hpowerup               powerup      0000
__Hram                   ram          0000
__Hreset_vec             reset_vec    0000
__Hsfr0                  sfr0         0000
__Hsfr1                  sfr1         0000
__Hsfr2                  sfr2         0000
__Hsfr3                  sfr3         0000
__Hsivt                  sivt         0000
__Hspace_0               (abs)        0800
__Hspace_1               (abs)        007B
__Hspace_2               (abs)        0000
__Hspace_3               (abs)        0000
__Hspace_4               (abs)        4010
__Hstack                 stack        0000
__Hstrings               strings      0000
__Htext                  text         0000
__L__absolute__          __absolute__ 0000
__Labs1                  abs1         0000
__Lbank0                 bank0        0000
__Lbank1                 bank1        0000
__Lbank2                 bank2        0000
__Lbank3                 bank3        0000
__LbssBANK0              bssBANK0     0000
__Lcinit                 cinit        07E5
__Lclrtext               clrtext      0000
__Lcode                  code         0000
__Lcommon                common       0000
__Lconfig                config       0000
__LcstackBANK0           cstackBANK0  0000
__LcstackCOMMON          cstackCOMMON 0000
__LdataBANK0             dataBANK0    0000
__Leeprom_data           eeprom_data  0000
__Lend_init              end_init     0000
__Lfunctab               functab      0000
__Lheap                  heap         0000
__LidataBANK0            idataBANK0   0000
__Linit                  init         0000
__Linittext              inittext     0000
__Lintentry              intentry     0000
__Lmaintext              maintext     0000
__Lpowerup               powerup      0000
__Lram                   ram          0000
__Lreset_vec             reset_vec    0000
__Lsfr0                  sfr0         0000
__Lsfr1                  sfr1         0000
__Lsfr2                  sfr2         0000
__Lsfr3                  sfr3         0000
__Lsivt                  sivt         0000
__Lspace_0               (abs)        0000
__Lspace_1               (abs)        0000
__Lspace_2               (abs)        0000
__Lspace_3               (abs)        0000
__Lspace_4               (abs)        0000
__Lstack                 stack        0000
__Lstrings               strings      0000
__Ltext                  text         0000
__S0                     (abs)        0800
__S1                     (abs)        007B
__S3                     (abs)        0000
___heap_hi               (abs)        0000
___heap_lo               (abs)        0000
___int_sp                stack        0000
___int_stack_hi          stack        0000
___int_stack_lo          stack        0000
___latbits               (abs)        0002
___sp                    stack        0000
___stack_hi              stack        0000
___stack_lo              stack        0000
___stackhi               (abs)        0000
___stacklo               (abs)        0000
__end_of_LCD_Char        text6        0529
__end_of_LCD_Clear       text8        0430
__end_of_LCD_Command     text9        04F3
__end_of_LCD_Init        text7        04BD
__end_of_LCD_String      text5        046F
__end_of_LCD_String_xy   text4        0493
__end_of__initialization cinit        07FC
__end_of__stringtab      strings      0009
__end_of_keypad_Init     text3        0420
__end_of_keypad_getkey   text2        0662
__end_of_main            maintext     07E5
__end_of_password        strings      000F
__end_of_strncmp         text1        0581
__initialization         cinit        07E5
__pbssBANK0              bssBANK0     004C
__pcstackBANK0           cstackBANK0  0020
__pcstackCOMMON          cstackCOMMON 0070
__pdataBANK0             dataBANK0    003C
__pidataBANK0            idataBANK0   0430
__pmaintext              maintext     0662
__pstrings               strings      0003
__ptext1                 text1        0529
__ptext2                 text2        0581
__ptext3                 text3        0418
__ptext4                 text4        046F
__ptext5                 text5        0453
__ptext6                 text6        04F3
__ptext7                 text7        0493
__ptext8                 text8        0420
__ptext9                 text9        04BD
__stringbase             strings      0008
__stringtab              strings      0003
_ingresos                bssBANK0     004C
_keypad_Init             text3        0418
_keypad_getkey           text2        0581
_main                    maintext     0662
_pass_user               bssBANK0     004D
_password                strings      0009
_strncmp                 text1        0529
btemp                    (abs)        007E
end_of_initialization    cinit        07FC
init_fetch0              inittext     0440
init_ram0                inittext     0444
intlevel0                functab      0000
intlevel1                functab      0000
intlevel2                functab      0000
intlevel3                functab      0000
intlevel4                functab      0000
intlevel5                functab      0000
keypad_getkey@F1398      dataBANK0    003C
keypad_getkey@i          cstackBANK0  0031
keypad_getkey@letras     cstackBANK0  0020
keypad_getkey@valor      cstackBANK0  0030
main@i                   cstackBANK0  0035
main@i_222               cstackBANK0  0037
main@i_224               cstackBANK0  0039
main@intentos            cstackBANK0  0033
main@key                 cstackBANK0  003B
reset_vec                reset_vec    0000
start                    init         0000
start_initialization     cinit        07E5
strncmp@l                cstackCOMMON 0070
strncmp@n                cstackCOMMON 0072
strncmp@r                cstackCOMMON 0071
wtemp0                   (abs)        007E


MODULE INFORMATION

Module		Function		Class		Link	Load	Size
KEYPAD.c
		_keypad_Init   		CODE           	0418	0000	8
		_keypad_getkey 		CODE           	0581	0000	225

KEYPAD.c estimated size: 233

C:\Program Files\Microchip\xc8\v2.50\pic\sources\c99\common\strncmp.c
		_strncmp       		CODE           	0529	0000	88

C:\Program Files\Microchip\xc8\v2.50\pic\sources\c99\common\strncmp.c estimated size: 88

shared
		__stringtab    		STRING         	0003	0000	6
		_password      		STRING         	0009	0000	6
		__initialization		CODE           	07E5	0000	23

shared estimated size: 35

main.c
		_main          		CODE           	0662	0000	387

main.c estimated size: 387

LCD.c
		_LCD_String    		CODE           	0453	0000	28
		_LCD_Init      		CODE           	0493	0000	42
		_LCD_Command   		CODE           	04BD	0000	54
		_LCD_String_xy 		CODE           	046F	0000	36
		_LCD_Char      		CODE           	04F3	0000	54
		_LCD_Clear     		CODE           	0420	0000	16

LCD.c estimated size: 230

